// Jest Snapshot v1, https://goo.gl/fbAQLP

exports[`prepareUpdate should prepare new article for update 1`] = `"prepared_sample_title_1 prepared_sample_url_1"`;
