// Jest Snapshot v1, https://goo.gl/fbAQLP

exports[`getCachedArticle should get cached article 1`] = `
Object {
  "date": "2021-06-04T11:20:42Z",
  "feedUpdateDate": "2021-06-04T11:20:42Z",
  "title": "sample_title_1",
  "url": "sample_url_1",
}
`;
